// Jest Snapshot v1, https://goo.gl/fbAQLP

exports[`changes the class when hovered 1`] = `
<div
       className="calculator-route"
     >
       <h2>
         Let's do some Math!
       </h2>
       <div
         className="calculator"
       >
         <div
           className="result"
         >
           0
         </div>
         <div
           className="buttons"
         >
           <button
             onClick={[Function]}
             type="button"
           >
             AC
           </button>
           <button
             onClick={[Function]}
             type="button"
           >
             /-
           </button>
           <button
             onClick={[Function]}
             type="button"
           >
             %
           </button>
           <button
             onClick={[Function]}
             type="button"
           >
             รท
           </button>
           <button
             onClick={[Function]}
             type="button"
           >
             7
           </button>
           <button
             onClick={[Function]}
             type="button"
           >
             8
           </button>
           <button
             onClick={[Function]}
             type="button"
           >
             9
           </button>
           <button
             onClick={[Function]}
             type="button"
           >
             x
           </button>
           <button
             onClick={[Function]}
             type="button"
           >
             4
           </button>
           <button
             onClick={[Function]}
             type="button"
           >
             5
           </button>
           <button
             onClick={[Function]}
             type="button"
           >
             6
           </button>
           <button
             onClick={[Function]}
             type="button"
           >
             -
           </button>
           <button
             onClick={[Function]}
             type="button"
           >
             1
           </button>
           <button
             onClick={[Function]}
             type="button"
           >
             2
           </button>
           <button
             onClick={[Function]}
             type="button"
           >
             3
           </button>
           <button
             onClick={[Function]}
             type="button"
           >
             
           </button>
           <button
             onClick={[Function]}
             type="button"
           >
             0
           </button>
           <button
             onClick={[Function]}
             type="button"
           >
             .
           </button>
           <button
             onClick={[Function]}
             type="button"
           >
              =
           </button>
         </div>
       </div>
     </div>
`;

exports[`renders correctly 1`] = `
<div
  className="calculator-route"
>
  <h2>
    Let's do some Math!
  </h2>
  <div
    className="calculator"
  >
    <div
      className="result"
    >
      0
    </div>
    <div
      className="buttons"
    >
      <button
        onClick={[Function]}
        type="button"
      >
        AC
      </button>
      <button
        onClick={[Function]}
        type="button"
      >
        +/-
      </button>
      <button
        onClick={[Function]}
        type="button"
      >
        %
      </button>
      <button
        onClick={[Function]}
        type="button"
      >
        รท
      </button>
      <button
        onClick={[Function]}
        type="button"
      >
        7
      </button>
      <button
        onClick={[Function]}
        type="button"
      >
        8
      </button>
      <button
        onClick={[Function]}
        type="button"
      >
        9
      </button>
      <button
        onClick={[Function]}
        type="button"
      >
        x
      </button>
      <button
        onClick={[Function]}
        type="button"
      >
        4
      </button>
      <button
        onClick={[Function]}
        type="button"
      >
        5
      </button>
      <button
        onClick={[Function]}
        type="button"
      >
        6
      </button>
      <button
        onClick={[Function]}
        type="button"
      >
        -
      </button>
      <button
        onClick={[Function]}
        type="button"
      >
        1
      </button>
      <button
        onClick={[Function]}
        type="button"
      >
        2
      </button>
      <button
        onClick={[Function]}
        type="button"
      >
        3
      </button>
      <button
        onClick={[Function]}
        type="button"
      >
        +
      </button>
      <button
        onClick={[Function]}
        type="button"
      >
        0
      </button>
      <button
        onClick={[Function]}
        type="button"
      >
        .
      </button>
      <button
        onClick={[Function]}
        type="button"
      >
         =
      </button>
    </div>
  </div>
</div>
`;
